../Core/Src/main.c:82:6:Next_ADC_Channel	24	static
../Core/Src/main.c:125:6:HAL_ADC_ConvCpltCallback	24	static
../Core/Src/main.c:151:6:sendReport	8	static
../Core/Src/main.c:157:6:HAL_TIM_PeriodElapsedCallback	16	static
../Core/Src/main.c:186:5:main	16	static
../Core/Src/main.c:264:6:SystemClock_Config	88	static
../Core/Src/main.c:312:13:MX_ADC1_Init	24	static
../Core/Src/main.c:359:13:MX_TIM1_Init	96	static
../Core/Src/main.c:433:13:MX_GPIO_Init	40	static
../Core/Src/main.c:499:6:Error_Handler	4	static,ignoring_inline_asm
